Welcome to MAGMA v1.10 (linux)
Using flags:
	--gene-results gwas/BIP_EAS_GeneLevel.genes.raw
	--set-annot C4A_MAGMA_0.3RGeneSets.txt
	--out /gpfs/hpc/home/chenchao/hanc/project/C4_CNB2025/02_C4_network/downsampling/magma_results/BIP_Heritability_Results

Start time is 16:41:35, Friday 08 May 2026

Reading file gwas/BIP_EAS_GeneLevel.genes.raw... 
	18081 genes read from file
Loading gene-set annotation...
Reading file C4A_MAGMA_0.3RGeneSets.txt... 
	4 gene-set definitions read from file
	found 4 gene sets containing genes defined in genotype data (containing a total of 1133 unique genes)
Preparing variables for analysis...
	truncating Z-scores 3 points below zero or 6 standard deviations above the mean
	truncating covariate values more than 5 standard deviations from the mean
	total variables available for analysis: 4 gene sets

Parsing model specifications...
Inverting gene-gene correlation matrix...
Performing regression analysis...
	testing direction: one-sided, positive (sets), two-sided (covar)
	conditioning on internal variables:
		gene size, log(gene size)
		gene density, log(gene density)
		sample size, log(sample size)
		inverse mac, log(inverse mac)
	analysing individual variables

	analysing single-variable models (number of models: 4)
	writing results to file /gpfs/hpc/home/chenchao/hanc/project/C4_CNB2025/02_C4_network/downsampling/magma_results/BIP_Heritability_Results.gsa.out
	writing gene information to file /gpfs/hpc/home/chenchao/hanc/project/C4_CNB2025/02_C4_network/downsampling/magma_results/BIP_Heritability_Results.gsa.genes.out
	writing gene analysis results per significant result (after multiple testing correction, at alpha = 0.05) to file /gpfs/hpc/home/chenchao/hanc/project/C4_CNB2025/02_C4_network/downsampling/magma_results/BIP_Heritability_Results.gsa.sets.genes.out

End time is 16:41:53, Friday 08 May 2026 (elapsed: 00:00:18)
